 Container de4sdv-aebs-009c-runtime Creating 
 Container de4sdv-aebs-009c-runtime Created 
[entrypoint] WARN: failed: ip link set lo multicast on (need --privileged or --cap-add=NET_ADMIN)
[INFO] [launch]: All log files can be found below /home/aw/.ros/log/2026-07-27-19-52-43-093062-ubuntu-7
[INFO] [launch]: Default logging verbosity is set to INFO
[INFO] [autoware_pointcloud_map_loader-1]: process started with pid [76]
[INFO] [autoware_lanelet2_map_loader-2]: process started with pid [78]
[INFO] [autoware_lanelet2_map_visualizer-3]: process started with pid [80]
[INFO] [autoware_vector_map_tf_generator-4]: process started with pid [82]
[INFO] [map_hash_generator-5]: process started with pid [84]
[INFO] [autoware_map_projection_loader_node-6]: process started with pid [86]
[INFO] [autoware_simple_planning_simulator_node-7]: process started with pid [88]
[INFO] [aggregator_node-8]: process started with pid [90]
[INFO] [converter_node-9]: process started with pid [92]
[INFO] [autoware_mrm_handler_node-10]: process started with pid [94]
[INFO] [autoware_mrm_emergency_stop_operator_node-11]: process started with pid [96]
[INFO] [vehicle_cmd_gate_exe-12]: process started with pid [98]
[INFO] [scenario_fixture-13]: process started with pid [100]
[INFO] [autoware_autonomous_emergency_braking-14]: process started with pid [102]
[autoware_map_projection_loader_node-6] Load /map-cache/sample-map-planning/map_projector_info.yaml
[autoware_lanelet2_map_loader-2] [WARN] [1785181965.701443241] [map.lanelet2_map_loader]: /map-cache/sample-map-planning/lanelet2_map.osm has no format_version(null) or non semver-style format_version(null) information
[autoware_lanelet2_map_loader-2] [INFO] [1785181965.701692122] [map.lanelet2_map_loader]: Loaded map format_version: null
[autoware_lanelet2_map_loader-2] [INFO] [1785181965.764151566] [map.lanelet2_map_loader]: Succeeded to load lanelet2_map. Map is published.
[autoware_vector_map_tf_generator-4] [INFO] [1785181965.820394192] [map.vector_map_tf_generator]: broadcast static tf. map_frame:map, viewer_frame:viewer, x:3749.71, y:73724.3, z:19.4406
[autoware_lanelet2_map_visualizer-3] [INFO] [1785181965.823824142] [map.lanelet2_map_visualization]: Map is loaded
[autoware_lanelet2_map_visualizer-3] 
[autoware_simple_planning_simulator_node-7] [INFO] [1785181966.131524261] [simulation.simple_planning_simulator]: waiting initialization...
[autoware_mrm_handler_node-10] [INFO] [1785181966.213937508] [mrm_handler]: MRM State changed: NORMAL -> MRM_OPERATING
[autoware_mrm_handler_node-10] [WARN] [1785181966.217944232] [mrm_handler]: EMERGENCY_STOP is operated.
[vehicle_cmd_gate_exe-12] [WARN] [1785181966.223238367] [vehicle_cmd_gate]: Emergency!
[vehicle_cmd_gate_exe-12] [ERROR] [1785181966.223724191] [vehicle_cmd_gate]: [VehicleCmdFilter] Acceleration change limit by longitudinal jerk: constraint(delta)=±0.000 [m/s^2], input_acc=-1.500 [m/s^2], output_acc=0.000 [m/s^2]
[scenario_fixture-13] /opt/ros/humble/local/lib/python3.10/dist-packages/rclpy/node.py:440: UserWarning: when declaring parameter named 'scenario_config', declaring a parameter only providing its name is deprecated. You have to either:
[scenario_fixture-13] 	- Pass a name and a default value different to "PARAMETER NOT SET" (and optionally a descriptor).
[scenario_fixture-13] 	- Pass a name and a parameter type.
[scenario_fixture-13] 	- Pass a name and a descriptor with `dynamic_typing=True
[scenario_fixture-13]   warnings.warn(
[vehicle_cmd_gate_exe-12] [WARN] [1785181967.256219339] [vehicle_cmd_gate]: Emergency!
[autoware_mrm_handler_node-10] [INFO] [1785181967.413950645] [mrm_handler]: MRM State changed: MRM_OPERATING -> NORMAL
[autoware_mrm_handler_node-10] [WARN] [1785181967.415262410] [mrm_handler]: EMERGENCY_STOP is canceled.
[vehicle_cmd_gate_exe-12] [ERROR] [1785181967.427629611] [vehicle_cmd_gate]: [VehicleCmdFilter] Velocity change limit by longitudinal acceleration: constraint(delta)=±0.098 [m/s], input_vel=5.000 [m/s], output_vel=0.098 [m/s]
[autoware_mrm_handler_node-10] [INFO] [1785181972.313891451] [mrm_handler]: MRM State changed: NORMAL -> MRM_OPERATING
[autoware_mrm_handler_node-10] [WARN] [1785181972.315442079] [mrm_handler]: EMERGENCY_STOP is operated.
[vehicle_cmd_gate_exe-12] [WARN] [1785181972.323083307] [vehicle_cmd_gate]: Emergency!
[vehicle_cmd_gate_exe-12] [ERROR] [1785181972.989451603] [vehicle_cmd_gate]: [VehicleCmdFilter] Acceleration change limit by longitudinal jerk: constraint(delta)=±0.037 [m/s^2], input_acc=-0.076 [m/s^2], output_acc=-0.063 [m/s^2]
[vehicle_cmd_gate_exe-12] [WARN] [1785181973.353850098] [vehicle_cmd_gate]: Emergency!
[vehicle_cmd_gate_exe-12] [ERROR] [1785181973.356551360] [vehicle_cmd_gate]: [VehicleCmdFilter] Velocity change limit by longitudinal acceleration: constraint(delta)=±0.012 [m/s], input_vel=5.231 [m/s], output_vel=5.238 [m/s]

