 Container de4sdv-aebs-009b-runtime Creating 
 Container de4sdv-aebs-009b-runtime Created 
[entrypoint] WARN: failed: ip link set lo multicast on (need --privileged or --cap-add=NET_ADMIN)
[INFO] [launch]: All log files can be found below /home/aw/.ros/log/2026-07-27-21-20-33-448346-ubuntu-8
[INFO] [launch]: Default logging verbosity is set to INFO
[INFO] [autoware_pointcloud_map_loader-1]: process started with pid [73]
[INFO] [autoware_lanelet2_map_loader-2]: process started with pid [75]
[INFO] [autoware_lanelet2_map_visualizer-3]: process started with pid [77]
[INFO] [autoware_vector_map_tf_generator-4]: process started with pid [79]
[INFO] [map_hash_generator-5]: process started with pid [81]
[INFO] [autoware_map_projection_loader_node-6]: process started with pid [83]
[INFO] [autoware_simple_planning_simulator_node-7]: process started with pid [85]
[INFO] [vehicle_cmd_gate_exe-8]: process started with pid [88]
[INFO] [scenario_fixture-9]: process started with pid [90]
[INFO] [autoware_autonomous_emergency_braking-10]: process started with pid [92]
[INFO] [aebs_coordinator-11]: process started with pid [94]
[autoware_map_projection_loader_node-6] Load /map-cache/sample-map-planning/map_projector_info.yaml
[autoware_lanelet2_map_loader-2] [WARN] [1785187235.414890837] [map.lanelet2_map_loader]: /map-cache/sample-map-planning/lanelet2_map.osm has no format_version(null) or non semver-style format_version(null) information
[autoware_lanelet2_map_loader-2] [INFO] [1785187235.417237992] [map.lanelet2_map_loader]: Loaded map format_version: null
[autoware_lanelet2_map_loader-2] [INFO] [1785187235.459089669] [map.lanelet2_map_loader]: Succeeded to load lanelet2_map. Map is published.
[autoware_simple_planning_simulator_node-7] [INFO] [1785187235.736598035] [simulation.simple_planning_simulator]: waiting initialization...
[autoware_lanelet2_map_visualizer-3] [INFO] [1785187235.786790229] [map.lanelet2_map_visualization]: Map is loaded
[autoware_lanelet2_map_visualizer-3] 
[autoware_vector_map_tf_generator-4] [INFO] [1785187235.800063655] [map.vector_map_tf_generator]: broadcast static tf. map_frame:map, viewer_frame:viewer, x:3749.71, y:73724.3, z:19.4406
[scenario_fixture-9] /opt/ros/humble/local/lib/python3.10/dist-packages/rclpy/node.py:440: UserWarning: when declaring parameter named 'scenario_config', declaring a parameter only providing its name is deprecated. You have to either:
[scenario_fixture-9] 	- Pass a name and a default value different to "PARAMETER NOT SET" (and optionally a descriptor).
[scenario_fixture-9] 	- Pass a name and a parameter type.
[scenario_fixture-9] 	- Pass a name and a descriptor with `dynamic_typing=True
[scenario_fixture-9]   warnings.warn(
[vehicle_cmd_gate_exe-8] [ERROR] [1785187239.012082528] [vehicle_cmd_gate]: [VehicleCmdFilter] Acceleration change limit by longitudinal jerk: constraint(delta)=±0.000 [m/s^2], input_acc=1.500 [m/s^2], output_acc=0.000 [m/s^2]
[vehicle_cmd_gate_exe-8] [ERROR] [1785187239.012438252] [vehicle_cmd_gate]: [VehicleCmdFilter] Velocity change limit by longitudinal acceleration: constraint(delta)=±0.000 [m/s], input_vel=6.000 [m/s], output_vel=0.000 [m/s]
[vehicle_cmd_gate_exe-8] [ERROR] [1785187246.127217302] [vehicle_cmd_gate]: [VehicleCmdFilter] Acceleration change limit by longitudinal jerk: constraint(delta)=±0.328 [m/s^2], input_acc=-6.000 [m/s^2], output_acc=-0.328 [m/s^2]
[vehicle_cmd_gate_exe-8] [ERROR] [1785187246.127471551] [vehicle_cmd_gate]: [VehicleCmdFilter] Longitudinal jerk limit: constraint=±5.000 [m/s^3], input=-10.000 [m/s^3], output=-5.000 [m/s^3]
[vehicle_cmd_gate_exe-8] [ERROR] [1785187246.127550337] [vehicle_cmd_gate]: [VehicleCmdFilter] Velocity change limit by longitudinal acceleration: constraint(delta)=±0.328 [m/s], input_vel=0.000 [m/s], output_vel=5.672 [m/s]

