 Container de4sdv-aebs-009b-runtime Creating 
 Container de4sdv-aebs-009b-runtime Created 
[entrypoint] WARN: failed: ip link set lo multicast on (need --privileged or --cap-add=NET_ADMIN)
[INFO] [launch]: All log files can be found below /home/aw/.ros/log/2026-07-26-18-03-14-538762-ubuntu-7
[INFO] [launch]: Default logging verbosity is set to INFO
[INFO] [autoware_pointcloud_map_loader-1]: process started with pid [73]
[INFO] [autoware_lanelet2_map_loader-2]: process started with pid [75]
[INFO] [autoware_lanelet2_map_visualizer-3]: process started with pid [77]
[INFO] [autoware_vector_map_tf_generator-4]: process started with pid [79]
[INFO] [map_hash_generator-5]: process started with pid [81]
[INFO] [autoware_map_projection_loader_node-6]: process started with pid [83]
[INFO] [autoware_simple_planning_simulator_node-7]: process started with pid [85]
[INFO] [aggregator_node-8]: process started with pid [87]
[INFO] [converter_node-9]: process started with pid [89]
[INFO] [autoware_mrm_handler_node-10]: process started with pid [91]
[INFO] [autoware_mrm_emergency_stop_operator_node-11]: process started with pid [93]
[INFO] [vehicle_cmd_gate_exe-12]: process started with pid [95]
[INFO] [scenario_fixture-13]: process started with pid [97]
[INFO] [autoware_autonomous_emergency_braking-14]: process started with pid [99]
[autoware_map_projection_loader_node-6] Load /map-cache/sample-map-planning/map_projector_info.yaml
[autoware_lanelet2_map_loader-2] [WARN] [1785088996.754816379] [map.lanelet2_map_loader]: /map-cache/sample-map-planning/lanelet2_map.osm has no format_version(null) or non semver-style format_version(null) information
[autoware_lanelet2_map_loader-2] [INFO] [1785088996.755051908] [map.lanelet2_map_loader]: Loaded map format_version: null
[autoware_simple_planning_simulator_node-7] [INFO] [1785088996.769642246] [simulation.simple_planning_simulator]: waiting initialization...
[autoware_mrm_handler_node-10] [INFO] [1785088996.817169376] [mrm_handler]: MRM State changed: NORMAL -> MRM_OPERATING
[autoware_mrm_handler_node-10] [WARN] [1785088996.820666762] [mrm_handler]: EMERGENCY_STOP is operated.
[autoware_lanelet2_map_loader-2] [INFO] [1785088996.837554599] [map.lanelet2_map_loader]: Succeeded to load lanelet2_map. Map is published.
[autoware_vector_map_tf_generator-4] [INFO] [1785088996.886613213] [map.vector_map_tf_generator]: broadcast static tf. map_frame:map, viewer_frame:viewer, x:3749.71, y:73724.3, z:19.4406
[autoware_lanelet2_map_visualizer-3] [INFO] [1785088996.886794500] [map.lanelet2_map_visualization]: Map is loaded
[autoware_lanelet2_map_visualizer-3] 
[vehicle_cmd_gate_exe-12] [WARN] [1785088997.049947775] [vehicle_cmd_gate]: Emergency!
[vehicle_cmd_gate_exe-12] [ERROR] [1785088997.050311662] [vehicle_cmd_gate]: [VehicleCmdFilter] Acceleration change limit by longitudinal jerk: constraint(delta)=±0.000 [m/s^2], input_acc=-1.500 [m/s^2], output_acc=0.000 [m/s^2]
[scenario_fixture-13] /opt/ros/humble/local/lib/python3.10/dist-packages/rclpy/node.py:440: UserWarning: when declaring parameter named 'scenario_config', declaring a parameter only providing its name is deprecated. You have to either:
[scenario_fixture-13] 	- Pass a name and a default value different to "PARAMETER NOT SET" (and optionally a descriptor).
[scenario_fixture-13] 	- Pass a name and a parameter type.
[scenario_fixture-13] 	- Pass a name and a descriptor with `dynamic_typing=True
[scenario_fixture-13]   warnings.warn(
[vehicle_cmd_gate_exe-12] [WARN] [1785088998.059239471] [vehicle_cmd_gate]: Emergency!
[autoware_mrm_handler_node-10] [INFO] [1785088998.216597891] [mrm_handler]: MRM State changed: MRM_OPERATING -> NORMAL
[autoware_mrm_handler_node-10] [WARN] [1785088998.217380034] [mrm_handler]: EMERGENCY_STOP is canceled.
[vehicle_cmd_gate_exe-12] [ERROR] [1785088998.218843708] [vehicle_cmd_gate]: [VehicleCmdFilter] Velocity change limit by longitudinal acceleration: constraint(delta)=±0.101 [m/s], input_vel=5.000 [m/s], output_vel=0.101 [m/s]
[autoware_mrm_handler_node-10] [INFO] [1785089003.116700733] [mrm_handler]: MRM State changed: NORMAL -> MRM_OPERATING
[autoware_mrm_handler_node-10] [WARN] [1785089003.117738854] [mrm_handler]: EMERGENCY_STOP is operated.
[vehicle_cmd_gate_exe-12] [WARN] [1785089003.125939850] [vehicle_cmd_gate]: Emergency!
[vehicle_cmd_gate_exe-12] [ERROR] [1785089003.459082946] [vehicle_cmd_gate]: [VehicleCmdFilter] Acceleration change limit by longitudinal jerk: constraint(delta)=±0.007 [m/s^2], input_acc=0.468 [m/s^2], output_acc=0.511 [m/s^2]
[vehicle_cmd_gate_exe-12] [ERROR] [1785089003.459309099] [vehicle_cmd_gate]: [VehicleCmdFilter] Velocity change limit by longitudinal acceleration: constraint(delta)=±0.007 [m/s], input_vel=5.269 [m/s], output_vel=5.259 [m/s]
[vehicle_cmd_gate_exe-12] [WARN] [1785089004.159304432] [vehicle_cmd_gate]: Emergency!

