 Container de4sdv-aebs-009c-runtime Creating 
 Container de4sdv-aebs-009c-runtime Created 
[entrypoint] WARN: failed: ip link set lo multicast on (need --privileged or --cap-add=NET_ADMIN)
[INFO] [launch]: All log files can be found below /home/aw/.ros/log/2026-07-26-20-39-35-342056-ubuntu-7
[INFO] [launch]: Default logging verbosity is set to INFO
[INFO] [autoware_pointcloud_map_loader-1]: process started with pid [72]
[INFO] [autoware_lanelet2_map_loader-2]: process started with pid [74]
[INFO] [autoware_lanelet2_map_visualizer-3]: process started with pid [76]
[INFO] [autoware_vector_map_tf_generator-4]: process started with pid [78]
[INFO] [map_hash_generator-5]: process started with pid [80]
[INFO] [autoware_map_projection_loader_node-6]: process started with pid [82]
[INFO] [autoware_simple_planning_simulator_node-7]: process started with pid [84]
[INFO] [aggregator_node-8]: process started with pid [87]
[INFO] [converter_node-9]: process started with pid [89]
[INFO] [autoware_mrm_handler_node-10]: process started with pid [91]
[INFO] [autoware_mrm_emergency_stop_operator_node-11]: process started with pid [93]
[INFO] [vehicle_cmd_gate_exe-12]: process started with pid [95]
[INFO] [scenario_fixture-13]: process started with pid [97]
[INFO] [autoware_autonomous_emergency_braking-14]: process started with pid [99]
[autoware_map_projection_loader_node-6] Load /map-cache/sample-map-planning/map_projector_info.yaml
[autoware_lanelet2_map_loader-2] [WARN] [1785098377.284416660] [map.lanelet2_map_loader]: /map-cache/sample-map-planning/lanelet2_map.osm has no format_version(null) or non semver-style format_version(null) information
[autoware_lanelet2_map_loader-2] [INFO] [1785098377.287445837] [map.lanelet2_map_loader]: Loaded map format_version: null
[autoware_lanelet2_map_loader-2] [INFO] [1785098377.388828070] [map.lanelet2_map_loader]: Succeeded to load lanelet2_map. Map is published.
[autoware_lanelet2_map_visualizer-3] [INFO] [1785098377.442518411] [map.lanelet2_map_visualization]: Map is loaded
[autoware_lanelet2_map_visualizer-3] 
[autoware_vector_map_tf_generator-4] [INFO] [1785098377.526965108] [map.vector_map_tf_generator]: broadcast static tf. map_frame:map, viewer_frame:viewer, x:3749.71, y:73724.3, z:19.4406
[autoware_simple_planning_simulator_node-7] [INFO] [1785098377.611134358] [simulation.simple_planning_simulator]: waiting initialization...
[autoware_mrm_handler_node-10] [INFO] [1785098377.709463190] [mrm_handler]: MRM State changed: NORMAL -> MRM_OPERATING
[autoware_mrm_handler_node-10] [WARN] [1785098377.713510700] [mrm_handler]: EMERGENCY_STOP is operated.
[vehicle_cmd_gate_exe-12] [WARN] [1785098377.741242072] [vehicle_cmd_gate]: Emergency!
[vehicle_cmd_gate_exe-12] [ERROR] [1785098377.741672709] [vehicle_cmd_gate]: [VehicleCmdFilter] Acceleration change limit by longitudinal jerk: constraint(delta)=±0.000 [m/s^2], input_acc=-1.500 [m/s^2], output_acc=0.000 [m/s^2]
[scenario_fixture-13] /opt/ros/humble/local/lib/python3.10/dist-packages/rclpy/node.py:440: UserWarning: when declaring parameter named 'scenario_config', declaring a parameter only providing its name is deprecated. You have to either:
[scenario_fixture-13] 	- Pass a name and a default value different to "PARAMETER NOT SET" (and optionally a descriptor).
[scenario_fixture-13] 	- Pass a name and a parameter type.
[scenario_fixture-13] 	- Pass a name and a descriptor with `dynamic_typing=True
[scenario_fixture-13]   warnings.warn(
[vehicle_cmd_gate_exe-12] [WARN] [1785098378.754402372] [vehicle_cmd_gate]: Emergency!
[autoware_mrm_handler_node-10] [INFO] [1785098378.909356607] [mrm_handler]: MRM State changed: MRM_OPERATING -> NORMAL
[autoware_mrm_handler_node-10] [WARN] [1785098378.910527841] [mrm_handler]: EMERGENCY_STOP is canceled.
[vehicle_cmd_gate_exe-12] [ERROR] [1785098378.913374324] [vehicle_cmd_gate]: [VehicleCmdFilter] Velocity change limit by longitudinal acceleration: constraint(delta)=±0.107 [m/s], input_vel=5.000 [m/s], output_vel=0.107 [m/s]
[autoware_mrm_handler_node-10] [INFO] [1785098384.309411907] [mrm_handler]: MRM State changed: NORMAL -> MRM_OPERATING
[autoware_mrm_handler_node-10] [WARN] [1785098384.311635236] [mrm_handler]: EMERGENCY_STOP is operated.
[vehicle_cmd_gate_exe-12] [WARN] [1785098384.317203688] [vehicle_cmd_gate]: Emergency!
[vehicle_cmd_gate_exe-12] [ERROR] [1785098384.321029368] [vehicle_cmd_gate]: [VehicleCmdFilter] Acceleration change limit by longitudinal jerk: constraint(delta)=±0.018 [m/s^2], input_acc=0.856 [m/s^2], output_acc=0.982 [m/s^2]
[vehicle_cmd_gate_exe-12] [ERROR] [1785098384.321213949] [vehicle_cmd_gate]: [VehicleCmdFilter] Velocity change limit by longitudinal acceleration: constraint(delta)=±0.018 [m/s], input_vel=5.096 [m/s], output_vel=5.018 [m/s]
[vehicle_cmd_gate_exe-12] [WARN] [1785098385.321156202] [vehicle_cmd_gate]: Emergency!

