 Container de4sdv-aebs-009b-runtime Creating 
 Container de4sdv-aebs-009b-runtime Created 
[entrypoint] WARN: failed: ip link set lo multicast on (need --privileged or --cap-add=NET_ADMIN)
[INFO] [launch]: All log files can be found below /home/aw/.ros/log/2026-07-27-22-07-24-083930-ubuntu-7
[INFO] [launch]: Default logging verbosity is set to INFO
[INFO] [autoware_pointcloud_map_loader-1]: process started with pid [70]
[INFO] [autoware_lanelet2_map_loader-2]: process started with pid [72]
[INFO] [autoware_lanelet2_map_visualizer-3]: process started with pid [74]
[INFO] [autoware_vector_map_tf_generator-4]: process started with pid [76]
[INFO] [map_hash_generator-5]: process started with pid [78]
[INFO] [autoware_map_projection_loader_node-6]: process started with pid [80]
[INFO] [autoware_simple_planning_simulator_node-7]: process started with pid [82]
[INFO] [vehicle_cmd_gate_exe-8]: process started with pid [84]
[INFO] [scenario_fixture-9]: process started with pid [86]
[INFO] [autoware_autonomous_emergency_braking-10]: process started with pid [88]
[INFO] [aebs_coordinator-11]: process started with pid [90]
[autoware_map_projection_loader_node-6] Load /map-cache/sample-map-planning/map_projector_info.yaml
[autoware_lanelet2_map_loader-2] [WARN] [1785190045.691161528] [map.lanelet2_map_loader]: /map-cache/sample-map-planning/lanelet2_map.osm has no format_version(null) or non semver-style format_version(null) information
[autoware_lanelet2_map_loader-2] [INFO] [1785190045.701864739] [map.lanelet2_map_loader]: Loaded map format_version: null
[autoware_lanelet2_map_loader-2] [INFO] [1785190045.761983352] [map.lanelet2_map_loader]: Succeeded to load lanelet2_map. Map is published.
[autoware_lanelet2_map_visualizer-3] [INFO] [1785190045.824394523] [map.lanelet2_map_visualization]: Map is loaded
[autoware_lanelet2_map_visualizer-3] 
[autoware_vector_map_tf_generator-4] [INFO] [1785190045.840484412] [map.vector_map_tf_generator]: broadcast static tf. map_frame:map, viewer_frame:viewer, x:3749.71, y:73724.3, z:19.4406
[autoware_simple_planning_simulator_node-7] [INFO] [1785190045.912543877] [simulation.simple_planning_simulator]: waiting initialization...
[scenario_fixture-9] /opt/ros/humble/local/lib/python3.10/dist-packages/rclpy/node.py:440: UserWarning: when declaring parameter named 'scenario_config', declaring a parameter only providing its name is deprecated. You have to either:
[scenario_fixture-9] 	- Pass a name and a default value different to "PARAMETER NOT SET" (and optionally a descriptor).
[scenario_fixture-9] 	- Pass a name and a parameter type.
[scenario_fixture-9] 	- Pass a name and a descriptor with `dynamic_typing=True
[scenario_fixture-9]   warnings.warn(
[vehicle_cmd_gate_exe-8] [ERROR] [1785190049.033042366] [vehicle_cmd_gate]: [VehicleCmdFilter] Acceleration change limit by longitudinal jerk: constraint(delta)=±0.000 [m/s^2], input_acc=1.500 [m/s^2], output_acc=0.000 [m/s^2]
[vehicle_cmd_gate_exe-8] [ERROR] [1785190049.033472332] [vehicle_cmd_gate]: [VehicleCmdFilter] Velocity change limit by longitudinal acceleration: constraint(delta)=±0.000 [m/s], input_vel=6.000 [m/s], output_vel=0.000 [m/s]
[vehicle_cmd_gate_exe-8] [ERROR] [1785190056.383866878] [vehicle_cmd_gate]: [VehicleCmdFilter] Acceleration change limit by longitudinal jerk: constraint(delta)=±0.255 [m/s^2], input_acc=-6.000 [m/s^2], output_acc=-0.255 [m/s^2]
[vehicle_cmd_gate_exe-8] [ERROR] [1785190056.384162632] [vehicle_cmd_gate]: [VehicleCmdFilter] Longitudinal jerk limit: constraint=±5.000 [m/s^3], input=-10.000 [m/s^3], output=-5.000 [m/s^3]
[vehicle_cmd_gate_exe-8] [ERROR] [1785190056.384228938] [vehicle_cmd_gate]: [VehicleCmdFilter] Velocity change limit by longitudinal acceleration: constraint(delta)=±0.255 [m/s], input_vel=0.000 [m/s], output_vel=5.745 [m/s]

