Sep 06 10:04:18 de4sdv-aaos-build systemd[854]: Started /home/mrk/p188b_bench_unit.sh.
Sep 06 10:04:22 de4sdv-aaos-build p188b_bench_unit.sh[6048]: [INFO] [launch]: All log files can be found below /home/mrk/.ros/log/2026-09-06-10-04-22-404091-de4sdv-aaos-build-6048
Sep 06 10:04:22 de4sdv-aaos-build p188b_bench_unit.sh[6048]: [INFO] [launch]: Default logging verbosity is set to INFO
Sep 06 10:04:23 de4sdv-aaos-build p188b_bench_unit.sh[6048]: [INFO] [component_container-1]: process started with pid [6123]
Sep 06 10:04:23 de4sdv-aaos-build p188b_bench_unit.sh[6048]: [INFO] [map_hash_generator-2]: process started with pid [6125]
Sep 06 10:04:23 de4sdv-aaos-build p188b_bench_unit.sh[6048]: [INFO] [autoware_map_projection_loader_node-3]: process started with pid [6127]
Sep 06 10:04:23 de4sdv-aaos-build p188b_bench_unit.sh[6048]: [INFO] [autoware_simple_planning_simulator_node-4]: process started with pid [6129]
Sep 06 10:04:23 de4sdv-aaos-build p188b_bench_unit.sh[6048]: [INFO] [vehicle_cmd_gate_exe-5]: process started with pid [6131]
Sep 06 10:04:23 de4sdv-aaos-build p188b_bench_unit.sh[6048]: [INFO] [scenario_fixture-6]: process started with pid [6133]
Sep 06 10:04:23 de4sdv-aaos-build p188b_bench_unit.sh[6048]: [INFO] [autoware_autonomous_emergency_braking-7]: process started with pid [6135]
Sep 06 10:04:23 de4sdv-aaos-build p188b_bench_unit.sh[6048]: [INFO] [aebs_coordinator-8]: process started with pid [6137]
Sep 06 10:04:23 de4sdv-aaos-build p188b_bench_unit.sh[6048]: [component_container-1] [INFO] [1788689063.603051511] [map.map_container]: Load Library: /home/mrk/autoware/install/autoware_map_loader/lib/libpointcloud_map_loader_node.so
Sep 06 10:04:23 de4sdv-aaos-build p188b_bench_unit.sh[6048]: [autoware_map_projection_loader_node-3] Load /home/mrk/autoware_map/sample-map-planning/map_projector_info.yaml
Sep 06 10:04:23 de4sdv-aaos-build p188b_bench_unit.sh[6048]: [autoware_simple_planning_simulator_node-4] [INFO] [1788689063.732555764] [simulation.simple_planning_simulator]: waiting initialization...
Sep 06 10:04:24 de4sdv-aaos-build p188b_bench_unit.sh[6048]: [component_container-1] [INFO] [1788689064.003433811] [map.map_container]: Found class: rclcpp_components::NodeFactoryTemplate<autoware::map_loader::PointCloudMapLoaderNode>
Sep 06 10:04:24 de4sdv-aaos-build p188b_bench_unit.sh[6048]: [component_container-1] [INFO] [1788689064.003487451] [map.map_container]: Instantiate class: rclcpp_components::NodeFactoryTemplate<autoware::map_loader::PointCloudMapLoaderNode>
Sep 06 10:04:24 de4sdv-aaos-build p188b_bench_unit.sh[6048]: [scenario_fixture-6] /opt/ros/humble/local/lib/python3.10/dist-packages/rclpy/node.py:440: UserWarning: when declaring parameter named 'scenario_config', declaring a parameter only providing its name is deprecated. You have to either:
Sep 06 10:04:24 de4sdv-aaos-build p188b_bench_unit.sh[6048]: [scenario_fixture-6]         - Pass a name and a default value different to "PARAMETER NOT SET" (and optionally a descriptor).
Sep 06 10:04:24 de4sdv-aaos-build p188b_bench_unit.sh[6048]: [scenario_fixture-6]         - Pass a name and a parameter type.
Sep 06 10:04:24 de4sdv-aaos-build p188b_bench_unit.sh[6048]: [scenario_fixture-6]         - Pass a name and a descriptor with `dynamic_typing=True
Sep 06 10:04:24 de4sdv-aaos-build p188b_bench_unit.sh[6048]: [scenario_fixture-6]   warnings.warn(
Sep 06 10:04:24 de4sdv-aaos-build p188b_bench_unit.sh[6048]: [INFO] [launch_ros.actions.load_composable_nodes]: Loaded node '/map/pointcloud_map_loader' in container '/map/map_container'
Sep 06 10:04:24 de4sdv-aaos-build p188b_bench_unit.sh[6048]: [component_container-1] [INFO] [1788689064.368429534] [map.map_container]: Load Library: /home/mrk/autoware/install/autoware_map_loader/lib/liblanelet2_map_loader_node.so
Sep 06 10:04:24 de4sdv-aaos-build p188b_bench_unit.sh[6048]: [component_container-1] [INFO] [1788689064.393726790] [map.map_container]: Found class: rclcpp_components::NodeFactoryTemplate<autoware::map_loader::Lanelet2MapLoaderNode>
Sep 06 10:04:24 de4sdv-aaos-build p188b_bench_unit.sh[6048]: [component_container-1] [INFO] [1788689064.393780998] [map.map_container]: Instantiate class: rclcpp_components::NodeFactoryTemplate<autoware::map_loader::Lanelet2MapLoaderNode>
Sep 06 10:04:24 de4sdv-aaos-build p188b_bench_unit.sh[6048]: [INFO] [launch_ros.actions.load_composable_nodes]: Loaded node '/map/lanelet2_map_loader' in container '/map/map_container'
Sep 06 10:04:24 de4sdv-aaos-build p188b_bench_unit.sh[6048]: [component_container-1] [ERROR] [1788689064.404987056] [map.map_container]: Could not find requested resource in ament index
Sep 06 10:04:24 de4sdv-aaos-build p188b_bench_unit.sh[6048]: [ERROR] [launch_ros.actions.load_composable_nodes]: Failed to load node 'lanelet2_map_visualization' of type 'autoware::lanelet2_map_visualizer::Lanelet2MapVisualizationNode' in container '/map/map_container': Could not find requested resource in ament index
Sep 06 10:04:24 de4sdv-aaos-build p188b_bench_unit.sh[6048]: [component_container-1] [INFO] [1788689064.415104370] [map.map_container]: Load Library: /home/mrk/autoware/install/autoware_map_tf_generator/lib/libvector_map_tf_generator_node.so
Sep 06 10:04:24 de4sdv-aaos-build p188b_bench_unit.sh[6048]: [component_container-1] [INFO] [1788689064.427386037] [map.map_container]: Found class: rclcpp_components::NodeFactoryTemplate<autoware::map_tf_generator::VectorMapTFGeneratorNode>
Sep 06 10:04:24 de4sdv-aaos-build p188b_bench_unit.sh[6048]: [component_container-1] [INFO] [1788689064.427434525] [map.map_container]: Instantiate class: rclcpp_components::NodeFactoryTemplate<autoware::map_tf_generator::VectorMapTFGeneratorNode>
Sep 06 10:04:24 de4sdv-aaos-build p188b_bench_unit.sh[6048]: [INFO] [launch_ros.actions.load_composable_nodes]: Loaded node '/map/vector_map_tf_generator' in container '/map/map_container'
Sep 06 10:04:24 de4sdv-aaos-build p188b_bench_unit.sh[6048]: [component_container-1] [WARN] [1788689064.473763789] [map.lanelet2_map_loader]: /home/mrk/autoware_map/sample-map-planning/lanelet2_map.osm has no format_version(null) or non semver-style format_version(null) information
Sep 06 10:04:24 de4sdv-aaos-build p188b_bench_unit.sh[6048]: [component_container-1] [INFO] [1788689064.473837283] [map.lanelet2_map_loader]: Loaded map format_version: null
Sep 06 10:04:24 de4sdv-aaos-build p188b_bench_unit.sh[6048]: [component_container-1] [INFO] [1788689064.488331676] [map.lanelet2_map_loader]: Succeeded to load lanelet2_map. Map is published.
Sep 06 10:04:24 de4sdv-aaos-build p188b_bench_unit.sh[6048]: [component_container-1] [INFO] [1788689064.511193407] [map.vector_map_tf_generator]: broadcast static tf. map_frame:map, viewer_frame:viewer, x:3749.71, y:73724.3, z:19.4406
Sep 06 10:04:25 de4sdv-aaos-build p188b_bench_unit.sh[6048]: [vehicle_cmd_gate_exe-5] [ERROR] [1788689065.864110192] [vehicle_cmd_gate]: [VehicleCmdFilter] Acceleration change limit by longitudinal jerk: constraint(delta)=±0.000 [m/s^2], input_acc=1.500 [m/s^2], output_acc=0.000 [m/s^2]
Sep 06 10:04:25 de4sdv-aaos-build p188b_bench_unit.sh[6048]: [vehicle_cmd_gate_exe-5] [ERROR] [1788689065.864281939] [vehicle_cmd_gate]: [VehicleCmdFilter] Velocity change limit by longitudinal acceleration: constraint(delta)=±0.000 [m/s], input_vel=6.000 [m/s], output_vel=0.000 [m/s]
Sep 06 10:06:58 de4sdv-aaos-build p188b_bench_unit.sh[6048]: [vehicle_cmd_gate_exe-5] [ERROR] [1788689218.414215180] [vehicle_cmd_gate]: [VehicleCmdFilter] Acceleration change limit by longitudinal jerk: constraint(delta)=±0.238 [m/s^2], input_acc=-6.000 [m/s^2], output_acc=-0.238 [m/s^2]
Sep 06 10:06:58 de4sdv-aaos-build p188b_bench_unit.sh[6048]: [vehicle_cmd_gate_exe-5] [ERROR] [1788689218.414341915] [vehicle_cmd_gate]: [VehicleCmdFilter] Longitudinal jerk limit: constraint=±5.000 [m/s^3], input=-10.000 [m/s^3], output=-5.000 [m/s^3]
Sep 06 10:06:58 de4sdv-aaos-build p188b_bench_unit.sh[6048]: [vehicle_cmd_gate_exe-5] [ERROR] [1788689218.414361727] [vehicle_cmd_gate]: [VehicleCmdFilter] Velocity change limit by longitudinal acceleration: constraint(delta)=±0.238 [m/s], input_vel=0.000 [m/s], output_vel=5.762 [m/s]
Sep 06 10:06:59 de4sdv-aaos-build p188b_bench_unit.sh[6048]: [vehicle_cmd_gate_exe-5] [ERROR] [1788689219.414138599] [vehicle_cmd_gate]: [VehicleCmdFilter] Longitudinal acceleration limit: constraint=±5.000 [m/s^2], input=-5.238 [m/s^2], output=-5.000 [m/s^2]
Sep 06 10:07:05 de4sdv-aaos-build p188b_bench_unit.sh[6048]: [vehicle_cmd_gate_exe-5] [ERROR] [1788689225.614082147] [vehicle_cmd_gate]: [VehicleCmdFilter] Acceleration change limit by longitudinal jerk: constraint(delta)=±0.249 [m/s^2], input_acc=0.000 [m/s^2], output_acc=1.251 [m/s^2]
